
> react-example@0.0.0 build
> vite build && node scripts/prerender.mjs && esbuild server.ts --bundle --platform=node --format=cjs --packages=external --sourcemap --outfile=dist/server.cjs

vite v6.4.2 building for production...
transforming...
✓ 3001 modules transformed.
rendering chunks...
[plugin vite:reporter] 
(!) /app/applet/node_modules/firebase/firestore/dist/esm/index.esm.js is dynamically imported by /app/applet/src/context/AuthContext.tsx, /app/applet/src/context/AuthContext.tsx, /app/applet/src/pages/AgentProfile.tsx, /app/applet/src/pages/CreateListing.tsx, /app/applet/src/pages/CreateListing.tsx, /app/applet/src/pages/CreateListing.tsx, /app/applet/src/pages/CreateListing.tsx, /app/applet/src/pages/ListingDetails.tsx, /app/applet/src/pages/ListingDetails.tsx, /app/applet/src/pages/ListingDetails.tsx, /app/applet/src/pages/admin/AdminDashboard.tsx, /app/applet/src/pages/admin/AdminDashboard.tsx, /app/applet/src/pages/admin/AdminDashboard.tsx, /app/applet/src/utils/adminCleanup.ts but also statically imported by /app/applet/src/App.tsx, /app/applet/src/components/ChatModal.tsx, /app/applet/src/components/InboxBadge.tsx, /app/applet/src/components/NotificationBadge.tsx, /app/applet/src/context/AuthContext.tsx, /app/applet/src/layouts/AppLayout.tsx, /app/applet/src/lib/auditLogger.ts, /app/applet/src/lib/firebase.ts, /app/applet/src/lib/geminiListingService.ts, /app/applet/src/lib/notifications.ts, /app/applet/src/pages/AgentProfile.tsx, /app/applet/src/pages/Auth.tsx, /app/applet/src/pages/Chat.tsx, /app/applet/src/pages/CreateListing.tsx, /app/applet/src/pages/Favorites.tsx, /app/applet/src/pages/Home.tsx, /app/applet/src/pages/Landing.tsx, /app/applet/src/pages/ListingDetails.tsx, /app/applet/src/pages/MyListings.tsx, /app/applet/src/pages/Notifications.tsx, /app/applet/src/pages/Profile.tsx, /app/applet/src/pages/Wallet.tsx, /app/applet/src/pages/admin/AdminAuth.tsx, /app/applet/src/pages/admin/AdminDashboard.tsx, /app/applet/src/pages/admin/AdminProfile.tsx, /app/applet/src/pages/admin/Approvals.tsx, /app/applet/src/pages/admin/Maintenance.tsx, /app/applet/src/pages/admin/Reports.tsx, /app/applet/src/pages/admin/UserManagement.tsx, /app/applet/src/utils/adminCleanup.ts, dynamic import will not move module into another chunk.

computing gzip size...
dist/index.html                                   3.86 kB │ gzip:   1.40 kB
dist/assets/index-0BxRR9QE.css                  225.48 kB │ gzip:  28.93 kB
dist/assets/index-BeJuxXd3.js                     0.07 kB │ gzip:   0.08 kB
dist/assets/storageCleanup-jUWZFwFO.js            0.26 kB │ gzip:   0.22 kB
dist/assets/check-CN6R9sj-.js                     0.30 kB │ gzip:   0.25 kB
dist/assets/chevron-down-BwY9V-N3.js              0.30 kB │ gzip:   0.25 kB
dist/assets/chevron-right-F2FdI-ko.js             0.30 kB │ gzip:   0.25 kB
dist/assets/loader-circle-CMQDEUzj.js             0.32 kB │ gzip:   0.26 kB
dist/assets/plus-Cx_Hddpg.js                      0.33 kB │ gzip:   0.26 kB
dist/assets/bookmark-BCyhXYPN.js                  0.34 kB │ gzip:   0.27 kB
dist/assets/arrow-left-SUvE0PpZ.js                0.34 kB │ gzip:   0.27 kB
dist/assets/arrow-right-BB_cYAp4.js               0.34 kB │ gzip:   0.27 kB
dist/assets/arrow-up-right-52dsYTC1.js            0.34 kB │ gzip:   0.27 kB
dist/assets/clock-CJt9XhwO.js                     0.34 kB │ gzip:   0.27 kB
dist/assets/search-B6H1wMU0.js                    0.35 kB │ gzip:   0.28 kB
dist/assets/circle-check-Dhhzu1gd.js              0.35 kB │ gzip:   0.28 kB
dist/assets/menu-xxK9Hd0y.js                      0.36 kB │ gzip:   0.26 kB
dist/assets/info-Bk7bfRjR.js                      0.38 kB │ gzip:   0.28 kB
dist/assets/credit-card-C1ikV9-q.js               0.38 kB │ gzip:   0.30 kB
dist/assets/download-CvXpr3YK.js                  0.41 kB │ gzip:   0.30 kB
dist/assets/message-square-26VosEfY.js            0.41 kB │ gzip:   0.30 kB
dist/assets/maximize-2-DuAwiovq.js                0.41 kB │ gzip:   0.29 kB
dist/assets/video-Bi0Rigo4.js                     0.42 kB │ gzip:   0.32 kB
dist/assets/circle-question-mark-CLjWF79C.js      0.42 kB │ gzip:   0.31 kB
dist/assets/circle-alert-XaaakmWf.js              0.42 kB │ gzip:   0.29 kB
dist/assets/flag-BI6xMhkI.js                      0.43 kB │ gzip:   0.31 kB
dist/assets/eye-c9BX8Luo.js                       0.43 kB │ gzip:   0.31 kB
dist/assets/map-pin-CZcABACH.js                   0.43 kB │ gzip:   0.33 kB
dist/assets/triangle-alert-yYHKl1Gj.js            0.44 kB │ gzip:   0.32 kB
dist/assets/users-s23dshtl.js                     0.48 kB │ gzip:   0.33 kB
dist/assets/badge-check-TFgVjF_8.js               0.49 kB │ gzip:   0.32 kB
dist/assets/HeaderPortal-BxbYKOOa.js              0.49 kB │ gzip:   0.30 kB
dist/assets/shield-check-0rf9jez0.js              0.49 kB │ gzip:   0.36 kB
dist/assets/trash-2-wK7FQLRt.js                   0.50 kB │ gzip:   0.32 kB
dist/assets/message-circle-more-BifQoGVt.js       0.54 kB │ gzip:   0.36 kB
dist/assets/notifications-JfmjBN56.js             0.54 kB │ gzip:   0.37 kB
dist/assets/building-2-DApXWfhm.js                0.56 kB │ gzip:   0.34 kB
dist/assets/eye-off-C14v8DML.js                   0.60 kB │ gzip:   0.38 kB
dist/assets/handshake-DUJ3cVNB.js                 0.62 kB │ gzip:   0.39 kB
dist/assets/sparkles-CGODT5VG.js                  0.67 kB │ gzip:   0.39 kB
dist/assets/play-CQhAIxFe.js                      0.74 kB │ gzip:   0.39 kB
dist/assets/HamburgerButton-D3mnCISc.js           0.75 kB │ gzip:   0.45 kB
dist/assets/trending-up-lGF1GY_O.js               0.75 kB │ gzip:   0.40 kB
dist/assets/upload-BWUtQik4.js                    0.86 kB │ gzip:   0.44 kB
dist/assets/star-s7TOAXNr.js                      1.00 kB │ gzip:   0.49 kB
dist/assets/SafeImage-C7QH24AV.js                 1.55 kB │ gzip:   0.60 kB
dist/assets/VerificationBadge-YNXI6GXq.js         1.59 kB │ gzip:   0.64 kB
dist/assets/refresh-cw-Cn3glZRj.js                1.93 kB │ gzip:   0.75 kB
dist/assets/sun-CTnll6vN.js                       2.23 kB │ gzip:   0.76 kB
dist/assets/index-myOday_n.js                     4.84 kB │ gzip:   2.29 kB
dist/assets/GoogleMapsGuard-C4eRWyfJ.js           6.37 kB │ gzip:   1.57 kB
dist/assets/adminCleanup-tsa1zxMv.js              6.37 kB │ gzip:   2.10 kB
dist/assets/FAQ-sBx7DMQZ.js                      11.38 kB │ gzip:   2.94 kB
dist/assets/Favorites-DDXPi1lm.js                13.53 kB │ gzip:   3.12 kB
dist/assets/Notifications-C2UV9Bft.js            15.34 kB │ gzip:   3.77 kB
dist/assets/AdminAuth-3TYV1EM5.js                16.76 kB │ gzip:   3.77 kB
dist/assets/Chat-CfnfDN4c.js                     19.44 kB │ gzip:   4.87 kB
dist/assets/MyListings-gd-E5sLR.js               24.22 kB │ gzip:   4.81 kB
dist/assets/ListingCard-BiZn2n1M.js              26.68 kB │ gzip:   5.31 kB
dist/assets/Home-CJ4k42hH.js                     37.49 kB │ gzip:   8.23 kB
dist/assets/index.modern-Dtl3udsa.js             38.61 kB │ gzip:  12.37 kB
dist/assets/AppLayout-CFZn4Csi.js                46.80 kB │ gzip:   8.68 kB
dist/assets/CreateListing--L3jSnmG.js            59.51 kB │ gzip:  12.33 kB
dist/assets/AgentProfile-C2_swrCu.js             63.41 kB │ gzip:  11.53 kB
dist/assets/Wallet-gD-WlWGM.js                   67.69 kB │ gzip:  11.16 kB
dist/assets/Landing-DAnL9lm7.js                  82.21 kB │ gzip:  14.08 kB
dist/assets/ChatModal-Xsiu0Ri3.js                84.89 kB │ gzip:  16.41 kB
dist/assets/Auth-D7kokevF.js                     86.88 kB │ gzip:  14.86 kB
dist/assets/ListingDetails-CLfMXOtz.js          102.57 kB │ gzip:  16.69 kB
dist/assets/Profile-CvDXauRX.js                 154.75 kB │ gzip:  23.99 kB
dist/assets/DeferredChart-Cbe94hLv.js           372.70 kB │ gzip: 113.64 kB
dist/assets/AdminDashboard-D0SywFpV.js          616.76 kB │ gzip: 116.97 kB
dist/assets/index-B2jsyvhV.js                 1,370.08 kB │ gzip: 365.96 kB

(!) Some chunks are larger than 500 kB after minification. Consider:
- Using dynamic import() to code-split the application
- Use build.rollupOptions.output.manualChunks to improve chunking: https://rollupjs.org/configuration-options/#output-manualchunks
- Adjust chunk size limit for this warning via build.chunkSizeWarningLimit.
✓ built in 1m 3s
Firebase server reachability verified.
✔ prerendered 3 routes
▲ [WARNING] "import.meta" is not available with the "cjs" output format and will be empty [empty-import-meta]

    server.ts:15:13:
      15 │   if (typeof import.meta !== "undefined" && import.meta.url) {
         ╵              ~~~~~~~~~~~

  You need to set the output format to "esm" for "import.meta" to work correctly.

▲ [WARNING] "import.meta" is not available with the "cjs" output format and will be empty [empty-import-meta]

    server.ts:15:44:
      15 │   if (typeof import.meta !== "undefined" && import.meta.url) {
         ╵                                             ~~~~~~~~~~~

  You need to set the output format to "esm" for "import.meta" to work correctly.

2 warnings

  dist/server.cjs      47.7kb
  dist/server.cjs.map  77.4kb

⚡ Done in 11ms
